<?xml version="1.0" encoding="UTF-8"?>
<TestRun id="8d25cc7e-fc77-47b8-9760-77447b029d0f" name="SMARTERWEB@DESKTOP-VKCBDAB 2018-08-03 10:46:39" runUser="DESKTOP-VKCBDAB\SMARTERWEB" xmlns="http://microsoft.com/schemas/VisualStudio/TeamTest/2006">
  <TestRunConfiguration name="Local Test Run" id="d2f08f3b-d5ca-4bde-a22c-8713297ad1d5">
    <Description>This is a default test run configuration for a local test run.</Description>
    <Deployment userDeploymentRoot="C:\Users\SMARTERWEB\Documents\Visual Studio 2008\Projects\SW.SDK.20\TestResults" useDefaultDeploymentRoot="false" runDeploymentRoot="C:\Users\SMARTERWEB\Documents\Visual Studio 2008\Projects\SW.SDK.20\TestResults\SMARTERWEB_DESKTOP-VKCBDAB 2018-08-03 10_46_39">
      <DeploymentItem filename="C:\Users\SMARTERWEB\Documents\Visual Studio 2008\Projects\SW.SDK\SW.SDK\bin\Debug\Newtonsoft.Json.dll" />
      <DeploymentItem filename="C:\Users\SMARTERWEB\Documents\Visual Studio 2008\Projects\SW.SDK.20\UT_SWSDK20\bin\Debug\SW.SDK.20.dll" />
    </Deployment>
    <TestTypeSpecific />
  </TestRunConfiguration>
  <ResultSummary outcome="Error">
    <Counters total="1" executed="1" error="0" failed="0" timeout="0" aborted="1" inconclusive="0" passedButRunAborted="0" notRunnable="0" notExecuted="0" disconnected="0" warning="0" passed="0" completed="0" inProgress="0" pending="0" />
    <RunInfos>
      <RunInfo computerName="DESKTOP-VKCBDAB" outcome="Error" timestamp="2018-08-03T10:46:57.2628372-05:00">
        <Text>Test host process exited unexpectedly.</Text>
      </RunInfo>
    </RunInfos>
  </ResultSummary>
  <Times creation="2018-08-03T10:46:39.0902899-05:00" queuing="2018-08-03T10:46:40.7061511-05:00" start="2018-08-03T10:46:40.8780732-05:00" finish="2018-08-03T10:46:57.2638370-05:00" />
  <TestDefinitions>
    <UnitTest name="TestMethod_IssuerJson" storage="c:\users\smarterweb\documents\visual studio 2008\projects\sw.sdk.20\ut_swsdk20\bin\debug\ut_swsdk20.dll" id="3a8f6e7e-ed1c-1be4-e1b2-93b03f8b555e">
      <Css projectStructure="" iteration="" />
      <Owners>
        <Owner name="" />
      </Owners>
      <Execution id="5b127abb-c81c-4865-9504-e0d900caf0eb" />
      <TestMethod codeBase="C:\Users\SMARTERWEB\Documents\Visual Studio 2008\Projects\SW.SDK.20\UT_SWSDK20\bin\Debug\UT_SWSDK20.dll" adapterTypeName="Microsoft.VisualStudio.TestTools.TestTypes.Unit.UnitTestAdapter, Microsoft.VisualStudio.QualityTools.Tips.UnitTest.Adapter, Version=9.0.0.0, Culture=neutral, PublicKeyToken=b03f5f7f11d50a3a" className="UT_SWSDK20.UT_SWSDK20, UT_SWSDK20" name="TestMethod_IssuerJson" />
    </UnitTest>
  </TestDefinitions>
  <TestLists>
    <TestList name="Results Not in a List" id="8c84fa94-04c1-424b-9868-57a2d4851a1d" />
    <TestList name="All Loaded Results" id="19431567-8539-422a-85d7-44ee4e166bda" />
  </TestLists>
  <TestEntries>
    <TestEntry testId="3a8f6e7e-ed1c-1be4-e1b2-93b03f8b555e" executionId="edfb6791-5d4a-458d-b73a-84e12b12ed52" testListId="8c84fa94-04c1-424b-9868-57a2d4851a1d" />
  </TestEntries>
  <Results>
    <UnitTestResult executionId="edfb6791-5d4a-458d-b73a-84e12b12ed52" testId="3a8f6e7e-ed1c-1be4-e1b2-93b03f8b555e" testName="TestMethod_IssuerJson" computerName="DESKTOP-VKCBDAB" duration="00:00:16.2910499" startTime="2018-08-03T10:46:40.9727871-05:00" endTime="2018-08-03T10:46:57.2638370-05:00" testType="13cdc9d9-ddb5-4fa4-a97d-d965ccfc6d4b" outcome="Aborted" testListId="8c84fa94-04c1-424b-9868-57a2d4851a1d">
    </UnitTestResult>
  </Results>
</TestRun>