<?xml version="1.0" encoding="UTF-8"?>
<TestRun id="67a20d35-e633-4991-8925-ddb37a4f63dd" name="SMARTERWEB@DESKTOP-VKCBDAB 2018-08-02 16:30:34" runUser="DESKTOP-VKCBDAB\SMARTERWEB" xmlns="http://microsoft.com/schemas/VisualStudio/TeamTest/2006">
  <TestRunConfiguration name="Local Test Run" id="d2f08f3b-d5ca-4bde-a22c-8713297ad1d5">
    <Description>This is a default test run configuration for a local test run.</Description>
    <Deployment userDeploymentRoot="C:\Users\SMARTERWEB\Documents\Visual Studio 2008\Projects\SW.SDK.20\TestResults" useDefaultDeploymentRoot="false" runDeploymentRoot="C:\Users\SMARTERWEB\Documents\Visual Studio 2008\Projects\SW.SDK.20\TestResults\SMARTERWEB_DESKTOP-VKCBDAB 2018-08-02 16_30_34">
      <DeploymentItem filename="C:\Users\SMARTERWEB\Documents\Visual Studio 2008\Projects\SW.SDK\SW.SDK\bin\Debug\Newtonsoft.Json.dll" />
      <DeploymentItem filename="C:\Users\SMARTERWEB\Documents\Visual Studio 2008\Projects\SW.SDK.20\SW.SDK.20\bin\Debug\SW.SDK.20.dll" />
    </Deployment>
    <TestTypeSpecific />
  </TestRunConfiguration>
  <ResultSummary outcome="Failed">
    <Counters total="1" executed="1" error="0" failed="1" timeout="0" aborted="0" inconclusive="0" passedButRunAborted="0" notRunnable="0" notExecuted="0" disconnected="0" warning="0" passed="0" completed="0" inProgress="0" pending="0" />
  </ResultSummary>
  <Times creation="2018-08-02T16:30:34.6329038-05:00" queuing="2018-08-02T16:30:36.0690854-05:00" start="2018-08-02T16:30:36.2299798-05:00" finish="2018-08-02T16:33:39.5791307-05:00" />
  <TestDefinitions>
    <UnitTest name="TestMethod_IssuerJson" storage="c:\users\smarterweb\documents\visual studio 2008\projects\sw.sdk.20\ut_swsdk20\bin\debug\ut_swsdk20.dll" id="3a8f6e7e-ed1c-1be4-e1b2-93b03f8b555e">
      <Css projectStructure="" iteration="" />
      <Owners>
        <Owner name="" />
      </Owners>
      <Execution id="8b3e05ae-591d-4dc6-a766-709ae6c899c2" />
      <TestMethod codeBase="C:\Users\SMARTERWEB\Documents\Visual Studio 2008\Projects\SW.SDK.20\UT_SWSDK20\bin\Debug\UT_SWSDK20.dll" adapterTypeName="Microsoft.VisualStudio.TestTools.TestTypes.Unit.UnitTestAdapter, Microsoft.VisualStudio.QualityTools.Tips.UnitTest.Adapter, Version=9.0.0.0, Culture=neutral, PublicKeyToken=b03f5f7f11d50a3a" className="UT_SWSDK20.UT_SWSDK20, UT_SWSDK20" name="TestMethod_IssuerJson" />
    </UnitTest>
  </TestDefinitions>
  <TestLists>
    <TestList name="Results Not in a List" id="8c84fa94-04c1-424b-9868-57a2d4851a1d" />
    <TestList name="All Loaded Results" id="19431567-8539-422a-85d7-44ee4e166bda" />
  </TestLists>
  <TestEntries>
    <TestEntry testId="3a8f6e7e-ed1c-1be4-e1b2-93b03f8b555e" executionId="8b3e05ae-591d-4dc6-a766-709ae6c899c2" testListId="8c84fa94-04c1-424b-9868-57a2d4851a1d" />
  </TestEntries>
  <Results>
    <UnitTestResult executionId="8b3e05ae-591d-4dc6-a766-709ae6c899c2" testId="3a8f6e7e-ed1c-1be4-e1b2-93b03f8b555e" testName="TestMethod_IssuerJson" computerName="DESKTOP-VKCBDAB" duration="00:03:02.7781008" startTime="2018-08-02T16:30:36.3182563-05:00" endTime="2018-08-02T16:33:39.4712529-05:00" testType="13cdc9d9-ddb5-4fa4-a97d-d965ccfc6d4b" outcome="Failed" testListId="8c84fa94-04c1-424b-9868-57a2d4851a1d">
      <Output>
        <StdOut>{
    "RFCINC": null,
    "Rates": null,
    "ConfirmationStatus": 0,
    "HasNomina12": false,
    "HasPagos10": false,
    "HasComercioExterior11": false,
    "HasINE11": false,
    "HasECC11": false,
    "HasImpLocales": false,
    "HasComplemento": false,
    "CfdiRelacionados": null,
    "Emisor": {
        "Rfc": "LAN8507268IA",
        "Nombre": "MB IDEAS DIGITALES SC",
        "RegimenFiscal": "601"
    },
    "Receptor": {
        "Rfc": "AAA010101AAA",
        "Nombre": "SW SMARTERWEB",
        "ResidenciaFiscalSpecified": false,
        "NumRegIdTrib": null,
        "UsoCFDI": "G03"
    },
    "Conceptos": [
        {
            "Impuestos": {
                "Traslados": [
                    {
                        "Base": "200.00",
                        "Impuesto": "002",
                        "TipoFactor": "Tasa",
                        "TasaOCuota": "0.160000",
                        "TasaOCuotaSpecified": true,
                        "Importe": "32.00",
                        "ImporteSpecified": true
                    },
                    {
                        "Base": "232.00",
                        "Impuesto": "003",
                        "TipoFactor": "Tasa",
                        "TasaOCuota": "1.600000",
                        "TasaOCuotaSpecified": true,
                        "Importe": "371.20",
                        "ImporteSpecified": true
                    }
                ],
                "Retenciones": null
            },
            "InformacionAduanera": null,
            "CuentaPredial": null,
            "ComplementoConcepto": null,
            "Parte": null,
            "ClaveProdServ": "50211503",
            "NoIdentificacion": "UT421511",
            "Cantidad": 1,
            "ClaveUnidad": "H87",
            "Unidad": "Pieza",
            "Descripcion": "Cigarros",
            "ValorUnitario": "200.00",
            "Importe": "200.00",
            "DescuentoSpecified": false
        }
    ],
    "Impuestos": {
        "Retenciones": null,
        "Traslados": [
            {
                "Impuesto": "002",
                "TipoFactor": "Tasa",
                "TasaOCuota": "0.160000",
                "Importe": "32.00"
            },
            {
                "Impuesto": "003",
                "TipoFactor": "Tasa",
                "TasaOCuota": "1.600000",
                "Importe": "371.20"
            }
        ],
        "TotalImpuestosRetenidosSpecified": false,
        "TotalImpuestosTrasladados": "403.20",
        "TotalImpuestosTrasladadosSpecified": true
    },
    "Complemento": null,
    "Addenda": null,
    "Version": "3.3",
    "Serie": "RogueOne",
    "Folio": "HNFK231",
    "Fecha": "2018-08-01T10:14:53",
    "Sello": "",
    "FormaPago": "01",
    "FormaPagoSpecified": true,
    "NoCertificado": "",
    "Certificado": "",
    "CondicionesDePago": null,
    "SubTotal": "200.00",
    "DescuentoSpecified": false,
    "Moneda": "MXN",
    "TipoCambio": "1",
    "TipoCambioSpecified": true,
    "Total": "603.20",
    "TipoDeComprobante": "I",
    "MetodoPago": "PUE",
    "MetodoPagoSpecified": true,
    "LugarExpedicion": "06300",
    "Confirmacion": null
}
307. El comprobante contiene un timbre previo.</StdOut>
        <ErrorInfo>
          <Message>Assert.IsTrue failed. </Message>
          <StackTrace>   en UT_SWSDK20.UT_SWSDK20.TestMethod_IssuerJson() en C:\Users\SMARTERWEB\Documents\Visual Studio 2008\Projects\SW.SDK.20\UT_SWSDK20\UT_SWSDK20.cs:línea 67
</StackTrace>
        </ErrorInfo>
      </Output>
    </UnitTestResult>
  </Results>
</TestRun>